// Jest Snapshot v1, https://goo.gl/fbAQLP

exports[`LoginPage component renders correctly 1`] = `
<div>
  <div
    class="auth-container"
    data-testid="login-page"
  >
    <h1
      class="auth-title"
      data-testid="login-title"
    >
      Log in
    </h1>
    <form>
      <div
        class="login"
      >
        <div
          class="input-wrapper"
        >
          <input
            name="email"
            placeholder="email"
            type="text"
          />
        </div>
        <div
          class="error"
        />
        <div
          class="input-wrapper"
        >
          <input
            name="password"
            placeholder="password"
            type="password"
            value=""
          />
        </div>
        <div
          class="password-indicator"
        >
          <div
            style="width: 100%; height: 100%; opacity: 0;"
          >
            <div
              style="width: 0%; height: 100%; opacity: 0;"
            />
          </div>
        </div>
        <div
          class="error"
        />
        <button
          class="btn btn-log"
          data-testid="login-button"
          type="submit"
        >
          Log in
        </button>
      </div>
    </form>
    <p
      class="no-account"
    >
      No account? Then, 
      <a
        class="signup-link"
        data-testid="signup-link"
        href="/signup"
      >
        sign up
      </a>
      !
    </p>
  </div>
</div>
`;
